exports[`App renders and matches our snapshot 1`] = `
<div
  className="container-fluid">
  <nav
    className="navbar navbar-inverse">
    <div
      className="container-fluid">
      <div
        className="navbar-header">
        <button
          aria-controls="navbar"
          aria-expanded="false"
          className="navbar-toggle collapsed"
          data-target="#navbar"
          data-toggle="collapse"
          type="button">
          <span
            className="sr-only">
            Toggle navigation
          </span>
          <span
            className="icon-bar" />
          <span
            className="icon-bar" />
          <span
            className="icon-bar" />
        </button>
        <a
          className="navbar-brand"
          href="#">
          Othello TS React Redux
        </a>
      </div>
      <div
        className="navbar-collapse collapse"
        id="navbar">
        <ul
          className="nav navbar-nav">
          <li
            className="active">
            <a
              href="#">
              Home
            </a>
          </li>
          <li>
            <a
              href="https://github.com/snerks/react-reversi-ts">
              Code
            </a>
          </li>
        </ul>
      </div>
    </div>
  </nav>
  <div
    className="text-center">
    <div>
      GamePage
    </div>
  </div>
</div>
`;
